// Jest Snapshot v1, https://goo.gl/fbAQLP

exports[`the <InclusionsTableFoot> component matches its snapshot with valid props 1`] = `
<table>
  <tfoot>
    <tr>
      <th
        colspan="3"
        style="text-align: right;"
      >
        Total
      </th>
      <td>
        10
      </td>
    </tr>
  </tfoot>
</table>
`;
